// Jest Snapshot v1, https://goo.gl/fbAQLP

exports[`Testing Error 404 Should match snapshot 1`] = `"<h1>Error 404</h1>"`;
