// Jest Snapshot v1, https://goo.gl/fbAQLP

exports[`Testing ButtonLanguage Should match snapshot 1`] = `" <div class=\\"buttonLanguage__wrapper\\"><button class=\\"buttonLanguage__button\\">Inglés</button><button class=\\"buttonLanguage__button\\">Español</button></div> "`;
